// Jest Snapshot v1, https://goo.gl/fbAQLP

exports[`CancerTypeKeyword Render renders without error 1`] = `
<fieldset
  class="cts-fieldset "
  id="fieldset--type"
>
  <legend
    class="cts-fieldset__legend"
  >
    <span>
      Cancer Type/Keyword
    </span>
    <a
      aria-label="Help"
      class="text-icon-help"
      href="/help#basicsearch"
      rel="noopener noreferrer"
      target="_blank"
    >
      ?
    </a>
  </legend>
  <div
    class="cts-fieldset__body"
  >
    <div
      class="cts-autocomplete "
      id="q-autocomplete-wrapper"
    >
      <label
        class="cts-label"
        for="q"
        id="q-label"
      >
        Cancer Type/Keyword
      </label>
      <div
        class=""
      >
        <input
          aria-autocomplete="list"
          aria-expanded="false"
          autocomplete="off"
          class="cts-input cts-autocomplete__input "
          id="q"
          placeholder="Start typing to select a cancer type"
          role="combobox"
          type="text"
          value=""
        />
      </div>
    </div>
  </div>
</fieldset>
`;
